
There are no discarded input sections

Memory Configuration

Name             Origin             Length             Attributes
FLASH            0x08000000         0x00100000         xr
SRAM             0x20000000         0x00002000         xrw
*default*        0x00000000         0xffffffff

Linker script and memory map

LOAD /tmp/ccr7MuLa.o
LOAD /tmp/ccf6PQjw.o

.text           0x08000000      0x224
 *(.isr_vector)
 .isr_vector    0x08000000      0x188 /tmp/ccr7MuLa.o
                0x08000000                vector
 *(.text)
 .text          0x08000188       0x88 /tmp/ccr7MuLa.o
                0x08000188                Reset_Handler
                0x08000208                RTC_Alarm_IRQHandler
                0x08000208                HASH_RNG_IRQHandler
                0x08000208                EXTI2_IRQHandler
                0x08000208                TIM8_CC_IRQHandler
                0x08000208                DebugMon_Handler
                0x08000208                TIM1_CC_IRQHandler
                0x08000208                DMA2_Stream5_IRQHandler
                0x08000208                HardFault_Handler
                0x08000208                DMA1_Stream5_IRQHandler
                0x08000208                SysTick_Handler
                0x08000208                PVD_IRQHandler
                0x08000208                SDIO_IRQHandler
                0x08000208                TAMP_STAMP_IRQHandler
                0x08000208                PendSV_Handler
                0x08000208                NMI_Handler
                0x08000208                CAN2_RX1_IRQHandler
                0x08000208                EXTI3_IRQHandler
                0x08000208                TIM8_TRG_COM_TIM14_IRQHandler
                0x08000208                TIM1_UP_TIM10_IRQHandler
                0x08000208                TIM8_UP_TIM13_IRQHandler
                0x08000208                I2C3_ER_IRQHandler
                0x08000208                EXTI0_IRQHandler
                0x08000208                I2C2_EV_IRQHandler
                0x08000208                DMA1_Stream2_IRQHandler
                0x08000208                CAN1_RX0_IRQHandler
                0x08000208                FPU_IRQHandler
                0x08000208                OTG_HS_WKUP_IRQHandler
                0x08000208                UsageFault_Handler
                0x08000208                CAN2_SCE_IRQHandler
                0x08000208                DMA2_Stream2_IRQHandler
                0x08000208                SPI1_IRQHandler
                0x08000208                TIM6_DAC_IRQHandler
                0x08000208                TIM1_BRK_TIM9_IRQHandler
                0x08000208                DCMI_IRQHandler
                0x08000208                CAN2_RX0_IRQHandler
                0x08000208                DMA2_Stream3_IRQHandler
                0x08000208                USART6_IRQHandler
                0x08000208                USART3_IRQHandler
                0x08000208                CAN1_RX1_IRQHandler
                0x08000208                UART5_IRQHandler
                0x08000208                DMA2_Stream0_IRQHandler
                0x08000208                TIM4_IRQHandler
                0x08000208                I2C1_EV_IRQHandler
                0x08000208                DMA1_Stream6_IRQHandler
                0x08000208                DMA1_Stream1_IRQHandler
                0x08000208                UART4_IRQHandler
                0x08000208                TIM3_IRQHandler
                0x08000208                RCC_IRQHandler
                0x08000208                TIM8_BRK_TIM12_IRQHandler
                0x08000208                Default_Handler
                0x08000208                EXTI15_10_IRQHandler
                0x08000208                ADC_IRQHandler
                0x08000208                DMA1_Stream7_IRQHandler
                0x08000208                TIM7_IRQHandler
                0x08000208                CAN2_TX_IRQHandler
                0x08000208                TIM5_IRQHandler
                0x08000208                DMA2_Stream7_IRQHandler
                0x08000208                I2C3_EV_IRQHandler
                0x08000208                EXTI9_5_IRQHandler
                0x08000208                RTC_WKUP_IRQHandler
                0x08000208                ETH_WKUP_IRQHandler
                0x08000208                SPI2_IRQHandler
                0x08000208                OTG_HS_EP1_IN_IRQHandler
                0x08000208                MemManage_Handler
                0x08000208                DMA1_Stream0_IRQHandler
                0x08000208                CAN1_TX_IRQHandler
                0x08000208                SVC_Handler
                0x08000208                EXTI4_IRQHandler
                0x08000208                ETH_IRQHandler
                0x08000208                OTG_HS_EP1_OUT_IRQHandler
                0x08000208                WWDG_IRQHandler
                0x08000208                TIM2_IRQHandler
                0x08000208                OTG_FS_WKUP_IRQHandler
                0x08000208                TIM1_TRG_COM_TIM11_IRQHandler
                0x08000208                OTG_HS_IRQHandler
                0x08000208                EXTI1_IRQHandler
                0x08000208                USART2_IRQHandler
                0x08000208                I2C2_ER_IRQHandler
                0x08000208                DMA2_Stream1_IRQHandler
                0x08000208                CAN1_SCE_IRQHandler
                0x08000208                FLASH_IRQHandler
                0x08000208                DMA2_Stream4_IRQHandler
                0x08000208                BusFault_Handler
                0x08000208                USART1_IRQHandler
                0x08000208                OTG_FS_IRQHandler
                0x08000208                SPI3_IRQHandler
                0x08000208                DMA1_Stream4_IRQHandler
                0x08000208                I2C1_ER_IRQHandler
                0x08000208                FMC_IRQHandler
                0x08000208                DMA2_Stream6_IRQHandler
                0x08000208                DMA1_Stream3_IRQHandler
 .text          0x08000210        0xc /tmp/ccf6PQjw.o
                0x08000210                main
 *(.rodata)
 .rodata        0x0800021c        0x8 /tmp/ccf6PQjw.o
                0x0800021c                g_const
                0x08000224                        . = ALIGN (0x4)
                0x08000224                        _etext = .

.glue_7         0x08000224        0x0
 .glue_7        0x08000224        0x0 linker stubs

.glue_7t        0x08000224        0x0
 .glue_7t       0x08000224        0x0 linker stubs

.vfp11_veneer   0x08000224        0x0
 .vfp11_veneer  0x08000224        0x0 linker stubs

.v4_bx          0x08000224        0x0
 .v4_bx         0x08000224        0x0 linker stubs

.iplt           0x08000224        0x0
 .iplt          0x08000224        0x0 /tmp/ccr7MuLa.o

.rel.dyn        0x08000224        0x0
 .rel.iplt      0x08000224        0x0 /tmp/ccr7MuLa.o

.data           0x20000000        0xc load address 0x08000224
                0x20000000                        _sdata = .
 *(.data)
 .data          0x20000000        0x0 /tmp/ccr7MuLa.o
 .data          0x20000000        0xc /tmp/ccf6PQjw.o
                0x20000000                g_init
                0x2000000c                        . = ALIGN (0x4)
                0x2000000c                        _edata = .

.igot.plt       0x2000000c        0x0 load address 0x08000230
 .igot.plt      0x2000000c        0x0 /tmp/ccr7MuLa.o

.bss            0x2000000c        0x8 load address 0x08000230
                0x2000000c                        _sbss = .
 *(.bss)
 .bss           0x2000000c        0x0 /tmp/ccr7MuLa.o
 .bss           0x2000000c        0x8 /tmp/ccf6PQjw.o
                0x2000000c                g_uninit
 *(COMMON)
                0x20000014                        . = ALIGN (0x4)
                0x20000014                        _ebss = .
OUTPUT(a.out elf32-littlearm)
LOAD linker stubs

.debug_info     0x00000000      0x275
 .debug_info    0x00000000      0x166 /tmp/ccr7MuLa.o
 .debug_info    0x00000166      0x10f /tmp/ccf6PQjw.o

.debug_abbrev   0x00000000      0x18d
 .debug_abbrev  0x00000000      0x103 /tmp/ccr7MuLa.o
 .debug_abbrev  0x00000103       0x8a /tmp/ccf6PQjw.o

.debug_aranges  0x00000000       0x40
 .debug_aranges
                0x00000000       0x20 /tmp/ccr7MuLa.o
 .debug_aranges
                0x00000020       0x20 /tmp/ccf6PQjw.o

.debug_line     0x00000000      0x111
 .debug_line    0x00000000       0xd3 /tmp/ccr7MuLa.o
 .debug_line    0x000000d3       0x3e /tmp/ccf6PQjw.o

.debug_str      0x00000000      0x189
 .debug_str     0x00000000      0x189 /tmp/ccr7MuLa.o
                                0x174 (size before relaxing)
 .debug_str     0x00000189      0x151 /tmp/ccf6PQjw.o

.comment        0x00000000       0x26
 .comment       0x00000000       0x26 /tmp/ccr7MuLa.o
                                 0x27 (size before relaxing)
 .comment       0x00000026       0x27 /tmp/ccf6PQjw.o

.ARM.attributes
                0x00000000       0x2d
 .ARM.attributes
                0x00000000       0x2d /tmp/ccr7MuLa.o
 .ARM.attributes
                0x0000002d       0x2d /tmp/ccf6PQjw.o

.debug_frame    0x00000000       0x74
 .debug_frame   0x00000000       0x48 /tmp/ccr7MuLa.o
 .debug_frame   0x00000048       0x2c /tmp/ccf6PQjw.o
