
There are no discarded input sections

Memory Configuration

Name             Origin             Length             Attributes
FLASH            0x08000000         0x00100000         xr
SRAM             0x20000000         0x00020000         xrw
*default*        0x00000000         0xffffffff

Linker script and memory map

LOAD stm_startup.o
LOAD main.o

.text           0x08000000      0x218
 *(.isr_vector)
 .isr_vector    0x08000000      0x188 stm_startup.o
                0x08000000                vector
 *(.text)
 .text          0x08000188       0x88 stm_startup.o
                0x08000188                Reset_Handler
                0x08000208                RTC_Alarm_IRQHandler
                0x08000208                HASH_RNG_IRQHandler
                0x08000208                EXTI2_IRQHandler
                0x08000208                TIM8_CC_IRQHandler
                0x08000208                DebugMon_Handler
                0x08000208                TIM1_CC_IRQHandler
                0x08000208                DMA2_Stream5_IRQHandler
                0x08000208                HardFault_Handler
                0x08000208                DMA1_Stream5_IRQHandler
                0x08000208                SysTick_Handler
                0x08000208                PVD_IRQHandler
                0x08000208                SDIO_IRQHandler
                0x08000208                TAMP_STAMP_IRQHandler
                0x08000208                PendSV_Handler
                0x08000208                NMI_Handler
                0x08000208                CAN2_RX1_IRQHandler
                0x08000208                EXTI3_IRQHandler
                0x08000208                TIM8_TRG_COM_TIM14_IRQHandler
                0x08000208                TIM1_UP_TIM10_IRQHandler
                0x08000208                TIM8_UP_TIM13_IRQHandler
                0x08000208                I2C3_ER_IRQHandler
                0x08000208                EXTI0_IRQHandler
                0x08000208                I2C2_EV_IRQHandler
                0x08000208                DMA1_Stream2_IRQHandler
                0x08000208                CAN1_RX0_IRQHandler
                0x08000208                FPU_IRQHandler
                0x08000208                OTG_HS_WKUP_IRQHandler
                0x08000208                UsageFault_Handler
                0x08000208                CAN2_SCE_IRQHandler
                0x08000208                DMA2_Stream2_IRQHandler
                0x08000208                SPI1_IRQHandler
                0x08000208                TIM6_DAC_IRQHandler
                0x08000208                TIM1_BRK_TIM9_IRQHandler
                0x08000208                DCMI_IRQHandler
                0x08000208                CAN2_RX0_IRQHandler
                0x08000208                DMA2_Stream3_IRQHandler
                0x08000208                USART6_IRQHandler
                0x08000208                USART3_IRQHandler
                0x08000208                CAN1_RX1_IRQHandler
                0x08000208                UART5_IRQHandler
                0x08000208                DMA2_Stream0_IRQHandler
                0x08000208                TIM4_IRQHandler
                0x08000208                I2C1_EV_IRQHandler
                0x08000208                DMA1_Stream6_IRQHandler
                0x08000208                DMA1_Stream1_IRQHandler
                0x08000208                UART4_IRQHandler
                0x08000208                TIM3_IRQHandler
                0x08000208                RCC_IRQHandler
                0x08000208                TIM8_BRK_TIM12_IRQHandler
                0x08000208                Default_Handler
                0x08000208                EXTI15_10_IRQHandler
                0x08000208                ADC_IRQHandler
                0x08000208                DMA1_Stream7_IRQHandler
                0x08000208                TIM7_IRQHandler
                0x08000208                CAN2_TX_IRQHandler
                0x08000208                TIM5_IRQHandler
                0x08000208                DMA2_Stream7_IRQHandler
                0x08000208                I2C3_EV_IRQHandler
                0x08000208                EXTI9_5_IRQHandler
                0x08000208                RTC_WKUP_IRQHandler
                0x08000208                ETH_WKUP_IRQHandler
                0x08000208                SPI2_IRQHandler
                0x08000208                OTG_HS_EP1_IN_IRQHandler
                0x08000208                MemManage_Handler
                0x08000208                DMA1_Stream0_IRQHandler
                0x08000208                CAN1_TX_IRQHandler
                0x08000208                SVC_Handler
                0x08000208                EXTI4_IRQHandler
                0x08000208                ETH_IRQHandler
                0x08000208                OTG_HS_EP1_OUT_IRQHandler
                0x08000208                WWDG_IRQHandler
                0x08000208                TIM2_IRQHandler
                0x08000208                OTG_FS_WKUP_IRQHandler
                0x08000208                TIM1_TRG_COM_TIM11_IRQHandler
                0x08000208                OTG_HS_IRQHandler
                0x08000208                EXTI1_IRQHandler
                0x08000208                USART2_IRQHandler
                0x08000208                I2C2_ER_IRQHandler
                0x08000208                DMA2_Stream1_IRQHandler
                0x08000208                CAN1_SCE_IRQHandler
                0x08000208                FLASH_IRQHandler
                0x08000208                DMA2_Stream4_IRQHandler
                0x08000208                BusFault_Handler
                0x08000208                USART1_IRQHandler
                0x08000208                OTG_FS_IRQHandler
                0x08000208                SPI3_IRQHandler
                0x08000208                DMA1_Stream4_IRQHandler
                0x08000208                I2C1_ER_IRQHandler
                0x08000208                FMC_IRQHandler
                0x08000208                DMA2_Stream6_IRQHandler
                0x08000208                DMA1_Stream3_IRQHandler
 .text          0x08000210        0x6 main.o
                0x08000210                main
 *(.rodata)
                0x08000218                        . = ALIGN (0x4)
 *fill*         0x08000216        0x2 
                0x08000218                        _etext = .

.glue_7         0x08000218        0x0
 .glue_7        0x08000218        0x0 linker stubs

.glue_7t        0x08000218        0x0
 .glue_7t       0x08000218        0x0 linker stubs

.vfp11_veneer   0x08000218        0x0
 .vfp11_veneer  0x08000218        0x0 linker stubs

.v4_bx          0x08000218        0x0
 .v4_bx         0x08000218        0x0 linker stubs

.iplt           0x08000218        0x0
 .iplt          0x08000218        0x0 stm_startup.o

.rel.dyn        0x08000218        0x0
 .rel.iplt      0x08000218        0x0 stm_startup.o

.data           0x20000000        0x0 load address 0x08000218
                0x40000000                        _sdata = 0x20000000
 *(.data)
 .data          0x20000000        0x0 stm_startup.o
 .data          0x20000000        0x0 main.o
                0x20000000                        . = ALIGN (0x4)
                0x20000000                        _edata = .

.igot.plt       0x20000000        0x0 load address 0x08000218
 .igot.plt      0x20000000        0x0 stm_startup.o

.bss            0x20000000        0x0 load address 0x08000218
                0x20000000                        _sbss = .
 *(.bss)
 .bss           0x20000000        0x0 stm_startup.o
 .bss           0x20000000        0x0 main.o
                0x20000000                        . = ALIGN (0x4)
                0x20000000                        _ebss = .
OUTPUT(a.out elf32-littlearm)
LOAD linker stubs

.comment        0x00000000       0x26
 .comment       0x00000000       0x26 stm_startup.o
                                 0x27 (size before relaxing)
 .comment       0x00000026       0x27 main.o

.ARM.attributes
                0x00000000       0x2e
 .ARM.attributes
                0x00000000       0x2e stm_startup.o
 .ARM.attributes
                0x0000002e       0x2e main.o
